Restored [1;36m5[0m built-in [1;35mfile[0m[1m([0ms[1m)[0m into data/ from defaults.                                                                                                                                         
                                                                                                                                                                                              
[32mWeb UI server started[0m                                                                                                                                                                         
[1mAccess at: [0m]8;id=494173;http://127.0.0.1:5000\[4;94mhttp://127.0.0.1:5000[0m]8;;\                                                                                                                                                              
[2mPress Ctrl+C to stop the server[0m                                                                                                                                                               
                                                                                                                                                                                              
Task queue depth is 1
Task queue depth is 2
Task queue depth is 3
Task queue depth is 3
Task queue depth is 4
Task queue depth is 5
Task queue depth is 6
Task queue depth is 6
Task queue depth is 7
Task queue depth is 7
Task queue depth is 7
Task queue depth is 8
Task queue depth is 8
Task queue depth is 9
Task queue depth is 10
Task queue depth is 10
Task queue depth is 9
Task queue depth is 9
Task queue depth is 10
Task queue depth is 11
Task queue depth is 12
Task queue depth is 9
Task queue depth is 10
Task queue depth is 11
Task queue depth is 11
Task queue depth is 10
Task queue depth is 10
Task queue depth is 11
Task queue depth is 11
Task queue depth is 10
Task queue depth is 11
Task queue depth is 11
Task queue depth is 11
Task queue depth is 12
Task queue depth is 12
Task queue depth is 10
Task queue depth is 11
Task queue depth is 12
Task queue depth is 13
Task queue depth is 14
Task queue depth is 15
Task queue depth is 16
Task queue depth is 17
Task queue depth is 18
Task queue depth is 19
Task queue depth is 19
Task queue depth is 17
Task queue depth is 18
Task queue depth is 19
Task queue depth is 19
Task queue depth is 19
Task queue depth is 19
Task queue depth is 20
Task queue depth is 20
Task queue depth is 18
Task queue depth is 19
Task queue depth is 20
Task queue depth is 21
Task queue depth is 21
Task queue depth is 22
Task queue depth is 22
Task queue depth is 22
Task queue depth is 22
Task queue depth is 23
Task queue depth is 23
Task queue depth is 21
Task queue depth is 21
Task queue depth is 22
Task queue depth is 23
Task queue depth is 23
Task queue depth is 23
Task queue depth is 24
Task queue depth is 24
Task queue depth is 24
Task queue depth is 25
Task queue depth is 25
Task queue depth is 25
Task queue depth is 24
Task queue depth is 24
Task queue depth is 24
Task queue depth is 25
Task queue depth is 25
Task queue depth is 26
Task queue depth is 27
Task queue depth is 28
Task queue depth is 27
Task queue depth is 28
Task queue depth is 1
Task queue depth is 2
Task queue depth is 3
Task queue depth is 4
Task queue depth is 5
Task queue depth is 6
Task queue depth is 7
Task queue depth is 8
Task queue depth is 9
Task queue depth is 10
Task queue depth is 11
Task queue depth is 12
Task queue depth is 13
Task queue depth is 13
Task queue depth is 14
Task queue depth is 15
Task queue depth is 16
Task queue depth is 14
Task queue depth is 15
Task queue depth is 14
Task queue depth is 14
Task queue depth is 13
Task queue depth is 14
Task queue depth is 15
Task queue depth is 16
Task queue depth is 16
Task queue depth is 17
Task queue depth is 17
Task queue depth is 16
Task queue depth is 16
Task queue depth is 17
Task queue depth is 18
Task queue depth is 19
Task queue depth is 20
Task queue depth is 20
Task queue depth is 21
Task queue depth is 21
Task queue depth is 19
Task queue depth is 20
Task queue depth is 21
Task queue depth is 22
Task queue depth is 22
Task queue depth is 21
Task queue depth is 20
Task queue depth is 21
Task queue depth is 22
Task queue depth is 23
Task queue depth is 24
Task queue depth is 25
Task queue depth is 26
Task queue depth is 27
Task queue depth is 26
Task queue depth is 25
Task queue depth is 26
Task queue depth is 26
Task queue depth is 24
Task queue depth is 25
Task queue depth is 25
Task queue depth is 26
Task queue depth is 26
Task queue depth is 26
Task queue depth is 26
Task queue depth is 27
Task queue depth is 24
Task queue depth is 25
Task queue depth is 26
Task queue depth is 27
Task queue depth is 28
Task queue depth is 28
Task queue depth is 28
Task queue depth is 27
Task queue depth is 28
Task queue depth is 28
Task queue depth is 28
Task queue depth is 28
Task queue depth is 28
Task queue depth is 29
Task queue depth is 30
Task queue depth is 30
Task queue depth is 31
Task queue depth is 30
Task queue depth is 31
Task queue depth is 32
Task queue depth is 31
Task queue depth is 1
Task queue depth is 2
Task queue depth is 3
Task queue depth is 4
Task queue depth is 5
Task queue depth is 6
Task queue depth is 7
Task queue depth is 7
Task queue depth is 6
Task queue depth is 6
Task queue depth is 7
Task queue depth is 7
Task queue depth is 6
Task queue depth is 6
Task queue depth is 6
Task queue depth is 7
Task queue depth is 6
Task queue depth is 6
Task queue depth is 6
Task queue depth is 7
Task queue depth is 8
Task queue depth is 7
Task queue depth is 7
Task queue depth is 7
Task queue depth is 8
Task queue depth is 9
Task queue depth is 7
Task queue depth is 7
Task queue depth is 8
Task queue depth is 9
Task queue depth is 10
Task queue depth is 10
Task queue depth is 10
Task queue depth is 10
Task queue depth is 10
Task queue depth is 9
Task queue depth is 10
Task queue depth is 11
Task queue depth is 11
Task queue depth is 11
Task queue depth is 12
Task queue depth is 12
Task queue depth is 11
Task queue depth is 11
Task queue depth is 11
Task queue depth is 11
Task queue depth is 11
Task queue depth is 10
Task queue depth is 9
Task queue depth is 9
Task queue depth is 9
Task queue depth is 10
Task queue depth is 10
Task queue depth is 11
Task queue depth is 11
Task queue depth is 10
Task queue depth is 10
Task queue depth is 11
Task queue depth is 11
Task queue depth is 11
Task queue depth is 10
Task queue depth is 11
Task queue depth is 11
Task queue depth is 11
Task queue depth is 11
Task queue depth is 11
Task queue depth is 10
Task queue depth is 10
Task queue depth is 11
Task queue depth is 12
Task queue depth is 12
Task queue depth is 13
Task queue depth is 13
Task queue depth is 12
Task queue depth is 12
Task queue depth is 12
Task queue depth is 13
Task queue depth is 11
Task queue depth is 1
Task queue depth is 2
Task queue depth is 3
Task queue depth is 4
Task queue depth is 5
Task queue depth is 5
Task queue depth is 3
Task queue depth is 4
Task queue depth is 5
Task queue depth is 4
Task queue depth is 4
Task queue depth is 4
Task queue depth is 5
Task queue depth is 5
Task queue depth is 5
Task queue depth is 5
Task queue depth is 6
Task queue depth is 6
Task queue depth is 6
Task queue depth is 6
Task queue depth is 6
Task queue depth is 7
Task queue depth is 6
Task queue depth is 7
Task queue depth is 7
Task queue depth is 6
Task queue depth is 7
Task queue depth is 7
Task queue depth is 8
Task queue depth is 8
Task queue depth is 7
Task queue depth is 8
Task queue depth is 9
Task queue depth is 10
Task queue depth is 10
Task queue depth is 11
Task queue depth is 11
Task queue depth is 11
Task queue depth is 11
Task queue depth is 12
Task queue depth is 13
Task queue depth is 12
Task queue depth is 12
Task queue depth is 12
Task queue depth is 10
Task queue depth is 11
Task queue depth is 11
Task queue depth is 12
Task queue depth is 12
Task queue depth is 12
Task queue depth is 12
Task queue depth is 12
Task queue depth is 12
Task queue depth is 11
Task queue depth is 12
Task queue depth is 12
Task queue depth is 12
Task queue depth is 12
Task queue depth is 12
Task queue depth is 12
Task queue depth is 13
Task queue depth is 13
Task queue depth is 13
Task queue depth is 13
Task queue depth is 14
Task queue depth is 15
Task queue depth is 14
Task queue depth is 14
Task queue depth is 13
Task queue depth is 13
Task queue depth is 14
Task queue depth is 12
Task queue depth is 13
Task queue depth is 13
Task queue depth is 14
Task queue depth is 15
Task queue depth is 16
Task queue depth is 16
Task queue depth is 14
Task queue depth is 15
Task queue depth is 14
Task queue depth is 13
Task queue depth is 14
Task queue depth is 15
Task queue depth is 16
Task queue depth is 16
Task queue depth is 1
Task queue depth is 2
Task queue depth is 3
Task queue depth is 4
Task queue depth is 5
Task queue depth is 6
Task queue depth is 7
Task queue depth is 8
Task queue depth is 9
Task queue depth is 7
Task queue depth is 8
Task queue depth is 8
Task queue depth is 8
Task queue depth is 8
Task queue depth is 9
Task queue depth is 10
Task queue depth is 10
Task queue depth is 8
Task queue depth is 8
Task queue depth is 9
Task queue depth is 10
Task queue depth is 10
Task queue depth is 8
Task queue depth is 9
Task queue depth is 10
Task queue depth is 11
Task queue depth is 9
Task queue depth is 9
Task queue depth is 10
Task queue depth is 8
Task queue depth is 8
Task queue depth is 9
Task queue depth is 10
Task queue depth is 11
Task queue depth is 11
Task queue depth is 12
Task queue depth is 11
Task queue depth is 11
Task queue depth is 12
Task queue depth is 13
Task queue depth is 13
Task queue depth is 12
Task queue depth is 12
Task queue depth is 13
Task queue depth is 13
Task queue depth is 13
Task queue depth is 13
Task queue depth is 12
Task queue depth is 13
Task queue depth is 12
Task queue depth is 12
Task queue depth is 13
Task queue depth is 14
Task queue depth is 14
Task queue depth is 13
Task queue depth is 13
Task queue depth is 14
Task queue depth is 15
Task queue depth is 14
Task queue depth is 14
Task queue depth is 15
Task queue depth is 15
Task queue depth is 16
Task queue depth is 17
Task queue depth is 17
Task queue depth is 16
Task queue depth is 17
Task queue depth is 17
Task queue depth is 18
Task queue depth is 18
Task queue depth is 18
Task queue depth is 17
Task queue depth is 18
Task queue depth is 18
Task queue depth is 17
Task queue depth is 17
Task queue depth is 18
Task queue depth is 19
Task queue depth is 20
Task queue depth is 19
Task queue depth is 19
Task queue depth is 20
Task queue depth is 20
Task queue depth is 1
Task queue depth is 2
Task queue depth is 3
Task queue depth is 4
Task queue depth is 5
Task queue depth is 6
Task queue depth is 7
Task queue depth is 1
Task queue depth is 1
Task queue depth is 1
Task queue depth is 2
Task queue depth is 3
Task queue depth is 4
Task queue depth is 5
Task queue depth is 5
Task queue depth is 5
Task queue depth is 5
Task queue depth is 5
Task queue depth is 5
Task queue depth is 6
Task queue depth is 7
Task queue depth is 8
Task queue depth is 9
Task queue depth is 10
Task queue depth is 9
Task queue depth is 9
Task queue depth is 10
Task queue depth is 11
Task queue depth is 12
Task queue depth is 12
Task queue depth is 13
Task queue depth is 14
Task queue depth is 13
Task queue depth is 13
Task queue depth is 14
Task queue depth is 14
Task queue depth is 14
Task queue depth is 14
Task queue depth is 13
Task queue depth is 14
Task queue depth is 14
Task queue depth is 15
Task queue depth is 16
Task queue depth is 16
Task queue depth is 15
Task queue depth is 15
Task queue depth is 16
Task queue depth is 17
Task queue depth is 16
Task queue depth is 15
Task queue depth is 15
Task queue depth is 15
Task queue depth is 14
Task queue depth is 15
                                                                                                                                                                                              
[33mReceived SIGTERM, shutting down gracefully[0m[33m...[0m                                                                                                                                                 
[33mWeb UI server stopped[0m                                                                                                                                                                         
[0m[?25h[0m[?25h[32mShutdown complete[0m                                                                                                                                                                             
Restored [1;36m5[0m built-in [1;35mfile[0m[1m([0ms[1m)[0m into data/ from defaults.                                                                                                                                         
                                                                                                                                                                                              
[32mWeb UI server started[0m                                                                                                                                                                         
[1mAccess at: [0m]8;id=352581;http://127.0.0.1:5000\[4;94mhttp://127.0.0.1:5000[0m]8;;\                                                                                                                                                              
[2mPress Ctrl+C to stop the server[0m                                                                                                                                                               
                                                                                                                                                                                              
